<?xml version="1.0" encoding="utf-8"?><testsuites><testsuite name="pytest" errors="0" failures="0" skipped="0" tests="0" time="0.005" timestamp="2021-05-31T20:42:31.449398" hostname="Maximilian_Roos_Remote_Access_v3_TM_C02CH19EMD6T" /></testsuites>